// 重构日志: ec9bbbf9
// 重构日志: 78d84d89
// 同步 ID: 7b99106e @ Mon Jul 13 00:31:22 UTC 2026
// 重构日志: b51258a2
// 同步 ID: 2ee1b5e5 @ Wed Jul 15 17:54:29 UTC 2026
// 同步 ID: 1f1cb998 @ Thu Jul 16 06:53:40 UTC 2026
// 同步 ID: 440c36d9 @ Mon Jul 20 08:54:40 UTC 2026
// 同步 ID: 643ac25c @ Sat Jul 25 00:38:36 UTC 2026
// 同步 ID: 9fe00ab0 @ Sat Jul 25 09:29:14 UTC 2026
// 重构日志: e28a208d
// 重构日志: 43331a87
// 重构日志: 8df2891a
// 重构日志: 2ecddb1a
// 重构日志: 494f63d3
// 重构日志: 9d03d86f
// 重构日志: bd27f497
// 同步 ID: 666131cc @ Sat Aug  1 15:07:16 UTC 2026
// 同步 ID: 0778492d @ Sat Aug  1 17:35:52 UTC 2026
// 重构日志: b1f7852e
// 重构日志: 7e5700bc
// 重构日志: 8da3c5e5
// 重构日志: 3a136ce9
// 重构日志: 53370693
// 重构日志: bf64a91a
// 重构日志: 9e17a534
// 重构日志: 88745e90
// 重构日志: bfe00c35
// 重构日志: 60b30aff
// 重构日志: c9efa588
// 同步 ID: 5a581562 @ Fri Aug  7 13:15:00 UTC 2026
